First exercise


0000000000400560 <__libc_csu_init>:
  400560:       41 57                   push   %r15
  400562:       41 56                   push   %r14
Synche@LAPTOP-34JPB40T:/mnt/c/Users/jon/Projects/HackingBook$ objdump -M intel -D a.out | grep -A20 main.:
0000000000400526 <main>:
  400526:       55                      push   rbp
  400527:       48 89 e5                mov    rbp,rsp
  40052a:       48 83 ec 10             sub    rsp,0x10
  40052e:       c7 45 fc 00 00 00 00    mov    DWORD PTR [rbp-0x4],0x0
  400535:       eb 0e                   jmp    400545 <main+0x1f>
  400537:       bf e4 05 40 00          mov    edi,0x4005e4
  40053c:       e8 bf fe ff ff          call   400400 <puts@plt>
  400541:       83 45 fc 01             add    DWORD PTR [rbp-0x4],0x1
  400545:       83 7d fc 09             cmp    DWORD PTR [rbp-0x4],0x9
  400549:       7e ec                   jle    400537 <main+0x11>
  40054b:       b8 00 00 00 00          mov    eax,0x0
  400550:       c9                      leave
  400551:       c3                      ret
  400552:       66 2e 0f 1f 84 00 00    nop    WORD PTR cs:[rax+rax*1+0x0]
  400559:       00 00 00
  40055c:       0f 1f 40 00             nop    DWORD PTR [rax+0x0]

0000000000400560 <__libc_csu_init>:
  400560:       41 57                   push   r15
  400562:       41 56                   push   r14
Synche@LAPTOP-34JPB40T:/mnt/c/Users/jon/Projects/HackingBook$ gdb -q
(gdb) set disassembly intel
(gdb) quit
Synche@LAPTOP-34JPB40T:/mnt/c/Users/jon/Projects/HackingBook$ echo "set disassembly intel" > ~/.gdbinit
Synche@LAPTOP-34JPB40T:/mnt/c/Users/jon/Projects/HackingBook$ cat ~/.gdbinit
set disassembly intel
Synche@LAPTOP-34JPB40T:/mnt/c/Users/jon/Projects/HackingBook$ gdb -q ./a.out
Reading symbols from ./a.out...(no debugging symbols found)...done.
(gdb) break main
Breakpoint 1 at 0x40052a
(gdb) run
Starting program: /mnt/c/Users/jon/Projects/HackingBook/a.out

Breakpoint 1, 0x000000000040052a in main ()
(gdb) quit
A debugging session is active.

        Inferior 1 [process 4710] will be killed.

Quit anyway? (y or n) y
Synche@LAPTOP-34JPB40T:/mnt/c/Users/jon/Projects/HackingBook$ gdb ./a.out
GNU gdb (Ubuntu 7.11.1-0ubuntu1~16.5) 7.11.1
Copyright (C) 2016 Free Software Foundation, Inc.
License GPLv3+: GNU GPL version 3 or later <http://gnu.org/licenses/gpl.html>
This is free software: you are free to change and redistribute it.
There is NO WARRANTY, to the extent permitted by law.  Type "show copying"
and "show warranty" for details.
This GDB was configured as "x86_64-linux-gnu".
Type "show configuration" for configuration details.
For bug reporting instructions, please see:
<http://www.gnu.org/software/gdb/bugs/>.
Find the GDB manual and other documentation resources online at:
<http://www.gnu.org/software/gdb/documentation/>.
For help, type "help".
Type "apropos word" to search for commands related to "word"...
Reading symbols from ./a.out...(no debugging symbols found)...done.
(gdb) quit
Synche@LAPTOP-34JPB40T:/mnt/c/Users/jon/Projects/HackingBook$ gdb -q ./a.out
Reading symbols from ./a.out...(no debugging symbols found)...done.
(gdb) quit
Synche@LAPTOP-34JPB40T:/mnt/c/Users/jon/Projects/HackingBook$ gcc firstprog.c
Synche@LAPTOP-34JPB40T:/mnt/c/Users/jon/Projects/HackingBook$ ls -l a.out
-rwxrwxrwx 1 Synche Synche 8608 Oct 30 16:36 a.out
Synche@LAPTOP-34JPB40T:/mnt/c/Users/jon/Projects/HackingBook$ gdb -q ./a.out
Reading symbols from ./a.out...(no debugging symbols found)...done.
(gdb) quit
Synche@LAPTOP-34JPB40T:/mnt/c/Users/jon/Projects/HackingBook$ gcc -g firstprog.c
Synche@LAPTOP-34JPB40T:/mnt/c/Users/jon/Projects/HackingBook$ ls -l a.out
-rwxrwxrwx 1 Synche Synche 9696 Oct 30 16:37 a.out
Synche@LAPTOP-34JPB40T:/mnt/c/Users/jon/Projects/HackingBook$ gdb -q ./a.out
Reading symbols from ./a.out...done.
(gdb) break main
Breakpoint 1 at 0x40052e: file firstprog.c, line 6.
(gdb) run
Starting program: /mnt/c/Users/jon/Projects/HackingBook/a.out

Breakpoint 1, main () at firstprog.c:6
6           for (i=0; i < 10; i++)
(gdb) info registers
rax            0x400526 4195622
rbx            0x0      0
rcx            0x0      0
rdx            0x7ffffffee2c8   140737488282312
rsi            0x7ffffffee2b8   140737488282296
rdi            0x1      1
rbp            0x7ffffffee1d0   0x7ffffffee1d0
rsp            0x7ffffffee1c0   0x7ffffffee1c0
r8             0x4005d0 4195792
r9             0x7fffff410ab0   140737475840688
r10            0x846    2118
r11            0x7fffff050740   140737471907648
r12            0x400430 4195376
r13            0x7ffffffee2b0   140737488282288
r14            0x0      0
r15            0x0      0
rip            0x40052e 0x40052e <main+8>
eflags         0x206    [ PF IF ]
cs             0x33     51
ss             0x2b     43
ds             0x0      0
es             0x0      0
fs             0x0      0
gs             0x0      0
(gdb) quit
A debugging session is active.

        Inferior 1 [process 4734] will be killed.

Quit anyway? (y or n) y
Synche@LAPTOP-34JPB40T:/mnt/c/Users/jon/Projects/HackingBook$ gdb -q ./a.out
Reading symbols from ./a.out...done.
(gdb) list
1       #include <stdio.h>
2
3       int main()
4       {
5           int i;
6           for (i=0; i < 10; i++)
7               {
8               printf("Hello, world!\n");
9               }
10          return 0;
(gdb) disassemble main
Dump of assembler code for function main:
   0x0000000000400526 <+0>:     push   rbp
   0x0000000000400527 <+1>:     mov    rbp,rsp
   0x000000000040052a <+4>:     sub    rsp,0x10
   0x000000000040052e <+8>:     mov    DWORD PTR [rbp-0x4],0x0
   0x0000000000400535 <+15>:    jmp    0x400545 <main+31>
   0x0000000000400537 <+17>:    mov    edi,0x4005e4
   0x000000000040053c <+22>:    call   0x400400 <puts@plt>
   0x0000000000400541 <+27>:    add    DWORD PTR [rbp-0x4],0x1
   0x0000000000400545 <+31>:    cmp    DWORD PTR [rbp-0x4],0x9
   0x0000000000400549 <+35>:    jle    0x400537 <main+17>
   0x000000000040054b <+37>:    mov    eax,0x0
   0x0000000000400550 <+42>:    leave
   0x0000000000400551 <+43>:    ret
End of assembler dump.
(gdb) break main
Breakpoint 1 at 0x40052e: file firstprog.c, line 6.
(gdb) run
Starting program: /mnt/c/Users/jon/Projects/HackingBook/a.out

Breakpoint 1, main () at firstprog.c:6
6           for (i=0; i < 10; i++)
(gdb) info register eip
Invalid register `eip'
(gdb) info register rip
rip            0x40052e 0x40052e <main+8>
(gdb) i r rip
rip            0x40052e 0x40052e <main+8>
(gdb) x/o 0x40052e
0x40052e <main+8>:      077042707
(gdb) x/x $rip
0x40052e <main+8>:      0x00fc45c7
(gdb) x/u $rip
0x40054e <main+40>:     0xc3c90000      0x1f0f2e66      0x00000084      0x1f0f0000
(gdb) x/8xb $rip
0x40052e <main+8>:      0xc7    0x45    0xfc    0x00    0x00    0x00    0x00    0xeb
(gdb) x/8xh $rip
0x40052e <main+8>:      0x45c7  0x00fc  0x0000  0xeb00  0xbf0e  0x05e4  0x0040  0xbfe8
(gdb) x/8xw $rip
0x40052e <main+8>:      0x00fc45c7      0xeb000000      0x05e4bf0e      0xbfe80040
0x40053e <main+24>:     0x83fffffe      0x8301fc45      0x7e09fc7d      0x0000b8ec
(gdb) x/4xb $rip
0x40052e <main+8>:      0xc7    0x45    0xfc    0x00
(gdb) x/4ub $rip
0x40052e <main+8>:      199     69      252     0
(gdb) x/1xw $rip
0x40052e <main+8>:      0x00fc45c7
(gdb) x/1uw $rip
0x40052e <main+8>:      16532935
(gdb) quit
A debugging session is active.

        Inferior 1 [process 4740] will be killed.

Quit anyway? (y or n) y